[    0.000000] Initializing cgroup subsys cpuset
[    0.000000] Initializing cgroup subsys cpu
[    0.000000] Initializing cgroup subsys cpuacct
[    0.000000] Linux version 4.4.0-210-generic (buildd@lgw01-amd64-009) (gcc version 5.4.0 20160609 (Ubuntu 5.4.0-6ubuntu1~16.04.12) ) #242-Ubuntu SMP Fri Apr 16 09:57:56 UTC 2021 (Ubuntu 4.4.0-210.242-generic 4.4.262)
[    0.000000] Command line: BOOT_IMAGE=/boot/vmlinuz-4.4.0-210-generic root=LABEL=cloudimg-rootfs ro console=tty1 console=ttyS0
[    0.000000] KERNEL supported cpus:
[    0.000000]   Intel GenuineIntel
[    0.000000]   AMD AuthenticAMD
[    0.000000]   Centaur CentaurHauls
[    0.000000] x86/fpu: xstate_offset[2]:  576, xstate_sizes[2]:  256
[    0.000000] x86/fpu: Supporting XSAVE feature 0x01: 'x87 floating point registers'
[    0.000000] x86/fpu: Supporting XSAVE feature 0x02: 'SSE registers'
[    0.000000] x86/fpu: Supporting XSAVE feature 0x04: 'AVX registers'
[    0.000000] x86/fpu: Enabled xstate features 0x7, context size is 832 bytes, using 'standard' format.
[    0.000000] e820: BIOS-provided physical RAM map:
[    0.000000] BIOS-e820: [mem 0x0000000000000000-0x000000000009fbff] usable
[    0.000000] BIOS-e820: [mem 0x000000000009fc00-0x000000000009ffff] reserved
[    0.000000] BIOS-e820: [mem 0x00000000000f0000-0x00000000000fffff] reserved
[    0.000000] BIOS-e820: [mem 0x0000000000100000-0x000000003ffeffff] usable
[    0.000000] BIOS-e820: [mem 0x000000003fff0000-0x000000003fffffff] ACPI data
[    0.000000] BIOS-e820: [mem 0x00000000fec00000-0x00000000fec00fff] reserved
[    0.000000] BIOS-e820: [mem 0x00000000fee00000-0x00000000fee00fff] reserved
[    0.000000] BIOS-e820: [mem 0x00000000fffc0000-0x00000000ffffffff] reserved
[    0.000000] NX (Execute Disable) protection: active
[    0.000000] SMBIOS 2.5 present.
[    0.000000] Hypervisor detected: KVM
[    0.000000] e820: last_pfn = 0x3fff0 max_arch_pfn = 0x400000000
[    0.000000] MTRR: Disabled
[    0.000000] x86/PAT: MTRRs disabled, skipping PAT initialization too.
[    0.000000] CPU MTRRs all blank - virtualized system.
[    0.000000] x86/PAT: Configuration [0-7]: WB  WT  UC- UC  WB  WT  UC- UC  
[    0.000000] found SMP MP-table at [mem 0x0009fff0-0x0009ffff] mapped at [ffff88000009fff0]
[    0.000000] Scanning 1 areas for low memory corruption
[    0.000000] RAMDISK: [mem 0x362dc000-0x37165fff]
[    0.000000] ACPI: Early table checksum verification disabled
[    0.000000] ACPI: RSDP 0x00000000000E0000 000024 (v02 VBOX  )
[    0.000000] ACPI: XSDT 0x000000003FFF0030 00003C (v01 VBOX   VBOXXSDT 00000001 ASL  00000061)
[    0.000000] ACPI: FACP 0x000000003FFF00F0 0000F4 (v04 VBOX   VBOXFACP 00000001 ASL  00000061)
[    0.000000] ACPI: DSDT 0x000000003FFF0610 002353 (v02 VBOX   VBOXBIOS 00000002 INTL 20210930)
[    0.000000] ACPI: FACS 0x000000003FFF0200 000040
[    0.000000] ACPI: FACS 0x000000003FFF0200 000040
[    0.000000] ACPI: APIC 0x000000003FFF0240 00005C (v02 VBOX   VBOXAPIC 00000001 ASL  00000061)
[    0.000000] ACPI: SSDT 0x000000003FFF02A0 00036C (v01 VBOX   VBOXCPUT 00000002 INTL 20210930)
[    0.000000] No NUMA configuration found
[    0.000000] Faking a node at [mem 0x0000000000000000-0x000000003ffeffff]
[    0.000000] NODE_DATA(0) allocated [mem 0x3ffeb000-0x3ffeffff]
[    0.000000] kvm-clock: Using msrs 4b564d01 and 4b564d00
[    0.000000] kvm-clock: cpu 0, msr 0:3ffe3001, primary cpu clock
[    0.000000] kvm-clock: using sched offset of 3329784084 cycles
[    0.000000] clocksource: kvm-clock: mask: 0xffffffffffffffff max_cycles: 0x1cd42e4dffb, max_idle_ns: 881590591483 ns
[    0.000000] Zone ranges:
[    0.000000]   DMA      [mem 0x0000000000001000-0x0000000000ffffff]
[    0.000000]   DMA32    [mem 0x0000000001000000-0x000000003ffeffff]
[    0.000000]   Normal   empty
[    0.000000]   Device   empty
[    0.000000] Movable zone start for each node
[    0.000000] Early memory node ranges
[    0.000000]   node   0: [mem 0x0000000000001000-0x000000000009efff]
[    0.000000]   node   0: [mem 0x0000000000100000-0x000000003ffeffff]
[    0.000000] Initmem setup node 0 [mem 0x0000000000001000-0x000000003ffeffff]
[    0.000000] ACPI: PM-Timer IO Port: 0x4008
[    0.000000] IOAPIC[0]: apic_id 2, version 32, address 0xfec00000, GSI 0-23
[    0.000000] ACPI: INT_SRC_OVR (bus 0 bus_irq 0 global_irq 2 dfl dfl)
[    0.000000] ACPI: INT_SRC_OVR (bus 0 bus_irq 9 global_irq 9 low level)
[    0.000000] Using ACPI (MADT) for SMP configuration information
[    0.000000] smpboot: Allowing 2 CPUs, 0 hotplug CPUs
[    0.000000] PM: Registered nosave memory: [mem 0x00000000-0x00000fff]
[    0.000000] PM: Registered nosave memory: [mem 0x0009f000-0x0009ffff]
[    0.000000] PM: Registered nosave memory: [mem 0x000a0000-0x000effff]
[    0.000000] PM: Registered nosave memory: [mem 0x000f0000-0x000fffff]
[    0.000000] e820: [mem 0x40000000-0xfebfffff] available for PCI devices
[    0.000000] Booting paravirtualized kernel on KVM
[    0.000000] clocksource: refined-jiffies: mask: 0xffffffff max_cycles: 0xffffffff, max_idle_ns: 7645519600211568 ns
[    0.000000] setup_percpu: NR_CPUS:512 nr_cpumask_bits:512 nr_cpu_ids:2 nr_node_ids:1
[    0.000000] PERCPU: Embedded 33 pages/cpu @ffff88003fc00000 s95192 r8192 d31784 u1048576
[    0.000000] Built 1 zonelists in Node order, mobility grouping on.  Total pages: 257912
[    0.000000] Policy zone: DMA32
[    0.000000] Kernel command line: BOOT_IMAGE=/boot/vmlinuz-4.4.0-210-generic root=LABEL=cloudimg-rootfs ro console=tty1 console=ttyS0
[    0.000000] PID hash table entries: 4096 (order: 3, 32768 bytes)
[    0.000000] Memory: 997792K/1048120K available (8644K kernel code, 1332K rwdata, 4044K rodata, 1492K init, 1164K bss, 50328K reserved, 0K cma-reserved)
[    0.000000] SLUB: HWalign=64, Order=0-3, MinObjects=0, CPUs=2, Nodes=1
[    0.000000] Kernel/User page tables isolation: enabled
[    0.000000] Hierarchical RCU implementation.
[    0.000000] 	Build-time adjustment of leaf fanout to 64.
[    0.000000] 	RCU restricting CPUs from NR_CPUS=512 to nr_cpu_ids=2.
[    0.000000] RCU: Adjusting geometry for rcu_fanout_leaf=64, nr_cpu_ids=2
[    0.000000] NR_IRQS:33024 nr_irqs:440 16
[    0.000000] Console: colour VGA+ 80x25
[    0.000000] console [tty1] enabled
[    0.000000] console [ttyS0] enabled
[    0.000000] tsc: Detected 2605.012 MHz processor
[    0.394845] Calibrating delay loop (skipped) preset value.. 5210.02 BogoMIPS (lpj=10420048)
[    0.400711] pid_max: default: 32768 minimum: 301
[    0.403424] ACPI: Core revision 20150930
[    0.407277] ACPI: 2 ACPI AML tables successfully acquired and loaded
[    0.411704] Security Framework initialized
[    0.414843] Yama: becoming mindful.
[    0.417270] AppArmor: AppArmor initialized
[    0.419799] Dentry cache hash table entries: 131072 (order: 8, 1048576 bytes)
[    0.426213] Inode-cache hash table entries: 65536 (order: 7, 524288 bytes)
[    0.431077] Mount-cache hash table entries: 2048 (order: 2, 16384 bytes)
[    0.435505] Mountpoint-cache hash table entries: 2048 (order: 2, 16384 bytes)
[    0.440801] Initializing cgroup subsys io
[    0.443223] Initializing cgroup subsys memory
[    0.446058] Initializing cgroup subsys devices
[    0.448785] Initializing cgroup subsys freezer
[    0.451429] Initializing cgroup subsys net_cls
[    0.454340] Initializing cgroup subsys perf_event
[    0.457186] Initializing cgroup subsys net_prio
[    0.459925] Initializing cgroup subsys hugetlb
[    0.463071] Initializing cgroup subsys pids
[    0.481671] mce: CPU supports 0 MCE banks
[    0.488578] Last level iTLB entries: 4KB 64, 2MB 8, 4MB 8
[    0.491899] Last level dTLB entries: 4KB 64, 2MB 0, 4MB 0, 1GB 4
[    0.495572] Spectre V1 : Mitigation: usercopy/swapgs barriers and __user pointer sanitization
[    0.500715] Spectre V2 : Mitigation: Full generic retpoline
[    0.504151] Spectre V2 : Spectre v2 / SpectreRSB mitigation: Filling RSB on context switch
[    0.509598] Speculative Store Bypass: Vulnerable
[    0.512415] SRBDS: Unknown: Dependent on hypervisor status
[    0.516227] MDS: Mitigation: Clear CPU buffers
[    0.548530] Freeing SMP alternatives memory: 36K
[    0.612266] ftrace: allocating 32380 entries in 127 pages
[    1.048708] smpboot: APIC(0) Converting physical 0 to logical package 0
[    1.052857] smpboot: Max logical packages: 1
[    1.057220] x2apic enabled
[    1.060539] Switched APIC routing to physical x2apic.
[    1.070370] ..TIMER: vector=0x30 apic1=0 pin1=2 apic2=-1 pin2=-1
[    1.183087] smpboot: CPU0: Intel(R) Core(TM) i7-8850H CPU @ 2.60GHz (family: 0x6, model: 0x9e, stepping: 0xa)
[    1.189477] Performance Events: unsupported p6 CPU model 158 no PMU driver, software events only.
[    1.260038] KVM setup paravirtual spinlock
[    1.263664] x86: Booting SMP configuration:
[    1.266706] .... node  #0, CPUs:      #1
[    1.270069] kvm-clock: cpu 1, msr 0:3ffe3041, secondary cpu clock
[    1.285996] mce: CPU supports 0 MCE banks
[    1.290626] x86: Booted up 1 node, 2 CPUs
[    1.293782] smpboot: Total of 2 processors activated (10420.04 BogoMIPS)
[    1.299361] devtmpfs: initialized
[    1.303232] evm: security.selinux
[    1.305263] evm: security.SMACK64
[    1.307243] evm: security.SMACK64EXEC
[    1.309444] evm: security.SMACK64TRANSMUTE
[    1.311865] evm: security.SMACK64MMAP
[    1.314085] evm: security.ima
[    1.315918] evm: security.capability
[    1.318556] clocksource: jiffies: mask: 0xffffffff max_cycles: 0xffffffff, max_idle_ns: 7645041785100000 ns
[    1.324168] futex hash table entries: 512 (order: 3, 32768 bytes)
[    1.327995] pinctrl core: initialized pinctrl subsystem
[    1.331798] RTC time: 14:13:42, date: 09/02/24
[    1.334811] NET: Registered protocol family 16
[    1.350216] cpuidle: using governor ladder
[    1.364818] cpuidle: using governor menu
[    1.369264] PCCT header not found.
[    1.372269] ACPI: bus type PCI registered
[    1.375109] acpiphp: ACPI Hot Plug PCI Controller Driver version: 0.5
[    1.379542] PCI: Using configuration type 1 for base access
[    1.399867] ACPI: Added _OSI(Module Device)
[    1.404144] ACPI: Added _OSI(Processor Device)
[    1.407735] ACPI: Added _OSI(3.0 _SCP Extensions)
[    1.411451] ACPI: Added _OSI(Processor Aggregator Device)
[    1.416126] ACPI: Executed 1 blocks of module-level executable AML code
[    1.422917] ACPI: Interpreter enabled
[    1.425106] ACPI: (supports S0 S5)
[    1.427205] ACPI: Using IOAPIC for interrupt routing
[    1.430585] PCI: Using host bridge windows from ACPI; if necessary, use "pci=nocrs" and report a bug
[    1.442066] ACPI: PCI Root Bridge [PCI0] (domain 0000 [bus 00-ff])
[    1.445588] acpi PNP0A03:00: _OSC: OS supports [ASPM ClockPM Segments MSI]
[    1.449968] acpi PNP0A03:00: _OSC: not requesting OS control; OS requires [ExtendedConfig ASPM ClockPM MSI]
[    1.455426] acpi PNP0A03:00: fail to add MMCONFIG information, can't access extended PCI configuration space under this bridge.
[    1.462299] PCI host bridge to bus 0000:00
[    1.464734] pci_bus 0000:00: root bus resource [io  0x0000-0x0cf7 window]
[    1.468539] pci_bus 0000:00: root bus resource [io  0x0d00-0xffff window]
[    1.472347] pci_bus 0000:00: root bus resource [mem 0x000a0000-0x000bffff window]
[    1.476936] pci_bus 0000:00: root bus resource [mem 0x40000000-0xfdffffff window]
[    1.481359] pci_bus 0000:00: root bus resource [bus 00-ff]
[    1.489427] pci 0000:00:01.1: legacy IDE quirk: reg 0x10: [io  0x01f0-0x01f7]
[    1.493414] pci 0000:00:01.1: legacy IDE quirk: reg 0x14: [io  0x03f6]
[    1.497087] pci 0000:00:01.1: legacy IDE quirk: reg 0x18: [io  0x0170-0x0177]
[    1.511643] pci 0000:00:01.1: legacy IDE quirk: reg 0x1c: [io  0x0376]
[    1.559395] pci 0000:00:07.0: quirk: [io  0x4000-0x403f] claimed by PIIX4 ACPI
[    1.563635] pci 0000:00:07.0: quirk: [io  0x4100-0x410f] claimed by PIIX4 SMB
[    1.578524] ACPI: PCI Interrupt Link [LNKA] (IRQs 5 9 10 *11)
[    1.583571] ACPI: PCI Interrupt Link [LNKB] (IRQs 5 9 *10 11)
[    1.588409] ACPI: PCI Interrupt Link [LNKC] (IRQs 5 *9 10 11)
[    1.593224] ACPI: PCI Interrupt Link [LNKD] (IRQs 5 9 10 *11)
[    1.598153] ACPI: Enabled 2 GPEs in block 00 to 07
[    1.601809] vgaarb: setting as boot device: PCI:0000:00:02.0
[    1.605613] vgaarb: device added: PCI:0000:00:02.0,decodes=io+mem,owns=io+mem,locks=none
[    1.610649] vgaarb: loaded
[    1.612419] vgaarb: bridge control possible 0000:00:02.0
[    1.615812] SCSI subsystem initialized
[    1.618382] ACPI: bus type USB registered
[    1.620878] usbcore: registered new interface driver usbfs
[    1.624178] usbcore: registered new interface driver hub
[    1.627375] usbcore: registered new device driver usb
[    1.630933] PCI: Using ACPI for IRQ routing
[    1.634205] NetLabel: Initializing
[    1.636285] NetLabel:  domain hash size = 128
[    1.638812] NetLabel:  protocols = UNLABELED CIPSOv4
[    1.641683] NetLabel:  unlabeled traffic allowed by default
[    1.645072] amd_nb: Cannot enumerate AMD northbridges
[    1.648354] clocksource: Switched to clocksource kvm-clock
[    1.663815] AppArmor: AppArmor Filesystem Enabled
[    1.667223] pnp: PnP ACPI init
[    1.670869] pnp: PnP ACPI: found 3 devices
[    1.688854] clocksource: acpi_pm: mask: 0xffffff max_cycles: 0xffffff, max_idle_ns: 2085701024 ns
[    1.693873] NET: Registered protocol family 2
[    1.696897] TCP established hash table entries: 8192 (order: 4, 65536 bytes)
[    1.700863] TCP bind hash table entries: 8192 (order: 5, 131072 bytes)
[    1.704688] TCP: Hash tables configured (established 8192 bind 8192)
[    1.708361] UDP hash table entries: 512 (order: 2, 16384 bytes)
[    1.711806] UDP-Lite hash table entries: 512 (order: 2, 16384 bytes)
[    1.715448] NET: Registered protocol family 1
[    1.718011] pci 0000:00:00.0: Limiting direct PCI/PCI transfers
[    1.721426] pci 0000:00:01.0: Activating ISA DMA hang workarounds
[    1.725237] Unpacking initramfs...
[    1.939019] Freeing initrd memory: 14888K
[    1.944089] clocksource: tsc: mask: 0xffffffffffffffff max_cycles: 0x258cbaf4c21, max_idle_ns: 440795285263 ns
[    1.952178] platform rtc_cmos: registered platform RTC device (no PNP device found)
[    1.957905] Scanning for low memory corruption every 60 seconds
[    1.962185] audit: initializing netlink subsys (disabled)
[    1.965798] audit: type=2000 audit(1725286427.015:1): initialized
[    1.970011] Initialise system trusted keyring
[    1.975158] HugeTLB registered 2 MB page size, pre-allocated 0 pages
[    1.981033] zbud: loaded
[    1.983586] VFS: Disk quotas dquot_6.6.0
[    1.986236] VFS: Dquot-cache hash table entries: 512 (order 0, 4096 bytes)
[    1.990564] squashfs: version 4.0 (2009/01/31) Phillip Lougher
[    1.994646] fuse init (API version 7.23)
[    1.997362] Key type big_key registered
[    1.999922] Allocating IMA MOK and blacklist keyrings.
[    2.006278] Key type asymmetric registered
[    2.008957] Asymmetric key parser 'x509' registered
[    2.012243] Block layer SCSI generic (bsg) driver version 0.4 loaded (major 249)
[    2.017743] io scheduler noop registered
[    2.020586] io scheduler deadline registered (default)
[    2.023957] io scheduler cfq registered
[    2.026754] pci_hotplug: PCI Hot Plug PCI Core version: 0.5
[    2.030172] pciehp: PCI Express Hot Plug Controller Driver version: 0.4
[    2.034580] ACPI: AC Adapter [AC] (on-line)
[    2.037645] input: Power Button as /devices/LNXSYSTM:00/LNXPWRBN:00/input/input0
[    2.042248] ACPI: Power Button [PWRF]
[    2.044789] input: Sleep Button as /devices/LNXSYSTM:00/LNXSLPBN:00/input/input1
[    2.049254] ACPI: Sleep Button [SLPF]
[    2.054380] ACPI: Battery Slot [BAT0] (battery present)
[    2.057709] GHES: HEST is not enabled!
[    2.060348] Serial: 8250/16550 driver, 32 ports, IRQ sharing enabled
[    2.089551] 00:02: tyS0 at I/O 0x3f8 (irq = 4, base_baud = 115200) is a 16550A
[    2.095658] Linux agpgart interface v0.103
[    2.101587] loop: module loaded
[    2.105086] scsi host0: ata_piix
[    2.107728] scsi host1: ata_piix
[    2.110006] ata1: PATA max UDMA/33 cmd 0x1f0 ctl 0x3f6 bmdma 0xd000 irq 14
[    2.114261] ata2: PATA max UDMA/33 cmd 0x170 ctl 0x376 bmdma 0xd008 irq 15
[    2.118528] libphy: Fixed MDIO Bus: probed
[    2.121605] tun: Universal TUN/TAP device driver, 1.6
[    2.124808] tun: (C) 1999-2004 Max Krasnyansky <maxk@qualcomm.com>
[    2.128606] PPP generic driver version 2.4.2
[    2.131606] ehci_hcd: USB 2.0 'Enhanced' Host Controller (EHCI) Driver
[    2.135819] ehci-pci: EHCI PCI platform driver
[    2.139397] ehci-platform: EHCI generic platform driver
[    2.142723] ohci_hcd: USB 1.1 'Open' Host Controller (OHCI) Driver
[    2.146479] ohci-pci: OHCI PCI platform driver
[    2.149373] ohci-platform: OHCI generic platform driver
[    2.152773] uhci_hcd: USB Universal Host Controller Interface driver
[    2.156670] i8042: PNP: PS/2 Controller [PNP0303:PS2K,PNP0f03:PS2M] at 0x60,0x64 irq 1,12
[    2.164252] serio: i8042 KBD port at 0x60,0x64 irq 1
[    2.168164] serio: i8042 AUX port at 0x60,0x64 irq 12
[    2.171845] mousedev: PS/2 mouse device common for all mice
[    2.177896] rtc_cmos rtc_cmos: rtc core: registered rtc_cmos as rtc0
[    2.182937] input: AT Translated Set 2 keyboard as /devices/platform/i8042/serio0/input/input2
[    2.188636] rtc_cmos rtc_cmos: alarms up to one day, 114 bytes nvram
[    2.193215] i2c /dev entries driver
[    2.195696] device-mapper: uevent: version 1.0.3
[    2.199374] device-mapper: ioctl: 4.34.0-ioctl (2015-10-28) initialised: dm-devel@redhat.com
[    2.205230] ledtrig-cpu: registered to indicate activity on CPUs
[    2.210421] NET: Registered protocol family 10
[    2.213766] NET: Registered protocol family 17
[    2.217304] Key type dns_resolver registered
[    2.220382] registered taskstats version 1
[    2.223616] Loading compiled-in X.509 certificates
[    2.227353] Loaded X.509 cert 'Build time autogenerated kernel key: cf00e047681d67edb2720680708b7d9498083038'
[    2.233365] zswap: loaded using pool lzo/zbud
[    2.239252] Key type trusted registered
[    2.246695] Key type encrypted registered
[    2.249316] AppArmor: AppArmor sha1 policy hashing enabled
[    2.252834] ima: No TPM chip found, activating TPM-bypass!
[    2.256694] ima: Allocated hash algorithm: sha1
[    2.259640] evm: HMAC attrs: 0x1
[    2.263588]   Magic number: 8:819:231
[    2.266418] rtc_cmos rtc_cmos: setting system clock to 2024-09-02 14:13:43 UTC (1725286423)
[    2.271993] BIOS EDD facility v0.16 2004-Jun-25, 0 devices found
[    2.276145] EDD information not available.
[    2.321051] Freeing unused kernel memory: 1492K
[    2.324487] Write protecting the kernel read-only data: 14336k
[    2.328469] Freeing unused kernel memory: 1584K
[    2.331623] Freeing unused kernel memory: 52K
Loading, please wait...
starting version 229
[    2.351033] random: systemd-udevd: uninitialized urandom read (16 bytes read, 5 bits of entropy available)
[    2.352066] random: udevadm: uninitialized urandom read (16 bytes read, 5 bits of entropy available)
[    2.352104] random: udevadm: uninitialized urandom read (16 bytes read, 5 bits of entropy available)
[    2.367684] random: udevadm: uninitialized urandom read (16 bytes read, 5 bits of entropy available)
[    2.367755] random: udevadm: uninitialized urandom read (16 bytes read, 5 bits of entropy available)
[    2.367954] random: udevadm: uninitialized urandom read (16 bytes read, 5 bits of entropy available)
[    2.368063] random: udevadm: uninitialized urandom read (16 bytes read, 5 bits of entropy available)
[    2.368193] random: udevadm: uninitialized urandom read (16 bytes read, 5 bits of entropy available)
[    2.368308] random: udevadm: uninitialized urandom read (16 bytes read, 5 bits of entropy available)
[    2.368406] random: udevadm: uninitialized urandom read (16 bytes read, 5 bits of entropy available)
[    2.451472] e1000: Intel(R) PRO/1000 Network Driver - version 7.3.21-k8-NAPI
[    2.455928] e1000: Copyright (c) 1999-2006 Intel Corporation.
[    2.459956] Fusion MPT base driver 3.04.20
[    2.463557] Copyright (c) 1999-2008 LSI Corporation
[    2.479201] Fusion MPT SPI Host driver 3.04.20
[    2.521275] AVX2 version of gcm_enc/dec engaged.
[    2.524495] AES CTR mode by8 optimization enabled
[    2.699446] input: ImExPS/2 Generic Explorer Mouse as /devices/platform/i8042/serio1/input/input4
[    2.940814] e1000 0000:00:03.0 eth0: (PCI:33MHz:32-bit) 02:be:82:6b:cc:1d
[    2.945001] e1000 0000:00:03.0 eth0: Intel(R) PRO/1000 Network Connection
[    2.950397] mptbase: ioc0: Initiating bringup
[    3.026982] ioc0: LSI53C1030 A0: Capabilities={Initiator}
[    3.200236] scsi host2: ioc0: LSI53C1030 A0, FwRev=00000000h, Ports=1, MaxQ=256, IRQ=20
[    3.319578] scsi 2:0:0:0: Direct-Access     VBOX     HARDDISK         1.0  PQ: 0 ANSI: 5
[    3.324404] scsi target2:0:0: Beginning Domain Validation
[    3.329918] scsi target2:0:0: Domain Validation skipping write tests
[    3.333612] scsi target2:0:0: Ending Domain Validation
[    3.336842] scsi target2:0:0: asynchronous
[    3.340080] scsi 2:0:1:0: Direct-Access     VBOX     HARDDISK         1.0  PQ: 0 ANSI: 5
[    3.345249] scsi target2:0:1: Beginning Domain Validation
[    3.362246] scsi target2:0:1: Domain Validation skipping write tests
[    3.365890] scsi target2:0:1: Ending Domain Validation
[    3.380356] scsi target2:0:1: asynchronous
[    3.417340] sd 2:0:0:0: Attached scsi generic sg0 type 0
[    3.421825] sd 2:0:1:0: [sdb] 20480 512-byte logical blocks: (10.5 MB/10.0 MiB)
[    3.426696] sd 2:0:1:0: Attached scsi generic sg1 type 0
[    3.427071] sd 2:0:0:0: [sda] 83886080 512-byte logical blocks: (42.9 GB/40.0 GiB)
[    3.435575] sd 2:0:1:0: [sdb] Write Protect is off
[    3.438839] sd 2:0:1:0: [sdb] Incomplete mode parameter data
[    3.442528] sd 2:0:1:0: [sdb] Assuming drive cache: write through
[    3.444905] sd 2:0:0:0: [sda] Write Protect is off
[    3.451281] sd 2:0:0:0: [sda] Incomplete mode parameter data
[    3.453359] sd 2:0:1:0: [sdb] Attached SCSI disk
[    3.458965] sd 2:0:0:0: [sda] Assuming drive cache: write through
[    3.466410]  sda: sda1
[    3.471008] sd 2:0:0:0: [sda] Attached SCSI disk
[    3.820268] e1000 0000:00:08.0 eth1: (PCI:33MHz:32-bit) 08:00:27:36:20:cd
[    3.824136] e1000 0000:00:08.0 eth1: Intel(R) PRO/1000 Network Connection
[    3.829335] e1000 0000:00:08.0 enp0s8: renamed from eth1
[    3.849546] e1000 0000:00:03.0 enp0s3: renamed from eth0
Begin: Loading essential drivers ... [    5.423622] md: linear personality registered for level -1
[    5.429292] md: multipath personality registered for level -4
[    5.434704] md: raid0 personality registered for level 0
[    5.445631] md: raid1 personality registered for level 1
[    5.517147] raid6: sse2x1   gen() 13105 MB/s
[    5.588528] raid6: sse2x1   xor()  9562 MB/s
[    5.657276] raid6: sse2x2   gen() 15794 MB/s
[    5.728843] raid6: sse2x2   xor() 10820 MB/s
[    5.797088] raid6: sse2x4   gen() 17954 MB/s
[    5.864383] raid6: sse2x4   xor() 11751 MB/s
[    5.932527] raid6: avx2x1   gen() 22220 MB/s
[    6.000894] raid6: avx2x2   gen() 29623 MB/s
[    6.068359] raid6: avx2x4   gen() 30920 MB/s
[    6.071496] raid6: using algorithm avx2x4 gen() 30920 MB/s
[    6.075111] raid6: using avx2x2 recovery algorithm
[    6.079836] xor: automatically using best checksumming function:
[    6.287078]    avx       : 192429.000 MB/sec
[    6.293304] async_tx: api initialized (async)
[    6.317670] md: raid6 personality registered for level 6
[    6.321218] md: raid5 personality registered for level 5
[    6.324214] md: raid4 personality registered for level 4
[    6.340410] md: raid10 personality registered for level 10
done.
Begin: Running /scripts/init-premount ... done.
Begin: Mounting root file system ... Begin: Running /scripts/local-top ... done.
Begin: Running /scripts/local-premount ... [    6.401336] Btrfs loaded
Scanning for Btrfs filesystems
done.
Warning: fsck not present, so skipping root file system
[    6.434877] EXT4-fs (sda1): INFO: recovery required on readonly filesystem
[    6.439178] EXT4-fs (sda1): write access will be enabled during recovery
[    6.466253] EXT4-fs (sda1): recovery complete
[    6.469006] EXT4-fs (sda1): mounted filesystem with ordered data mode. Opts: (null)
done.
Begin: Running /scripts/local-bottom ... done.
Begin: Running /scripts/init-bottom ... done.
[    6.591337] systemd[1]: systemd 229 running in system mode. (+PAM +AUDIT +SELINUX +IMA +APPARMOR +SMACK +SYSVINIT +UTMP +LIBCRYPTSETUP +GCRYPT +GNUTLS +ACL +XZ -LZ4 +SECCOMP +BLKID +ELFUTILS +KMOD -IDN)
[    6.602087] systemd[1]: Detected virtualization oracle.
[    6.605525] systemd[1]: Detected architecture x86-64.

Welcome to [1mUbuntu 16.04.7 LTS[0m!

[    6.615016] systemd[1]: Set hostname to <web01>.
[    6.775340] systemd[1]: Listening on udev Control Socket.
[[0;32m  OK  [0m] Listening on udev Control Socket.
[    6.781324] systemd[1]: Listening on /dev/initctl Compatibility Named Pipe.
[[0;32m  OK  [0m] Listening on /dev/initctl Compatibility Named Pipe.
[    6.788802] systemd[1]: Listening on LVM2 poll daemon socket.
[[0;32m  OK  [0m] Listening on LVM2 poll daemon socket.
[    6.794918] systemd[1]: Reached target User and Group Name Lookups.
[[0;32m  OK  [0m] Reached target User and Group Name Lookups.
[    6.802022] systemd[1]: Created slice System Slice.
[[0;32m  OK  [0m] Created slice System Slice.
[    6.807733] systemd[1]: Listening on Device-mapper event daemon FIFOs.
[[0;32m  OK  [0m] Listening on Device-mapper event daemon FIFOs.
[    6.814732] systemd[1]: Listening on Journal Socket (/dev/log).
[[0;32m  OK  [0m] Listening on Journal Socket (/dev/log).
[    6.821839] systemd[1]: Created slice system-serial\x2dgetty.slice.
[[0;32m  OK  [0m] Created slice system-serial\x2dgetty.slice.
[    6.828859] systemd[1]: Reached target System Time Synchronized.
[[0;32m  OK  [0m] Reached target System Time Synchronized.
[    6.835633] systemd[1]: Listening on Journal Socket.
[[0;32m  OK  [0m] Listening on Journal Socket.
[    6.861040] systemd[1]: Starting Set console keymap...
         Starting Set console keymap...
[    6.871723] systemd[1]: Mounting Debug File System...
         Mounting Debug File System...
[    6.879684] systemd[1]: Starting Uncomplicated firewall...
         Starting Uncomplicated firewall...
[    6.887256] systemd[1]: Starting Create list of required static device nodes for the current kernel...
         Starting Create list of required st... nodes for the current kernel...
[    6.900424] systemd[1]: Starting Load Kernel Modules...
         Starting Load Kernel Modules...
[    6.905796] systemd[1]: Created slice User and Session Slice.
[[0;32m  OK  [0m] Created slice User and Session Slice.
[    6.914359] systemd[1]: Reached target Slices.
[[0;32m  OK  [0m] Reached target Slices.
[    6.919682] systemd[1]: Listening on LVM2 metadata daemon socket.
[    6.923897] Loading iSCSI transport class v2.0-870.
[[0;32m  OK  [0m] Listening on LVM2 metadata daemon socket.
[    6.929347] systemd[1]: Starting Monitoring of LVM2 mirrors, snapshots etc. using dmeventd or progress polling...
         Starting Monitoring of LVM2 mirrors... dmeventd or progress polling...
[    6.939826] systemd[1]: Started Trigger resolvconf update for networkd DNS.
[[0;32m  OK  [0m] Started Trigger resolvconf update for networkd DNS.
[    6.947709] systemd[1]: Set up automount Arbitrary Executable File Formats File System Automount Point.
[[0;32m  OK  [0m] Set up automount Arbitrary Executab...ats File System Automount Point.
[    6.957443] systemd[1]: Listening on fsck to fsckd communication Socket.
[[0;32m  OK  [0m] Listening on fsck to fsckd communication Socket.
[    6.964605] systemd[1]: Starting File System Check on Root Device...
[    6.971478] iscsi: registered transport (tcp)
         Starting File System Check on Root Device...
[    6.977096] systemd[1]: Reached target Swap.
[[0;32m  OK  [0m] Reached target Swap.
[    6.984919] systemd[1]: Listening on Journal Audit Socket.
[[0;32m  OK  [0m] Listening on Journal Audit Socket.
[    6.994544] systemd[1]: Reached target Encrypted Volumes.
[[0;32m  OK  [0m] Reached target Encrypted Volumes.
[    7.003696] systemd[1]: Listening on Syslog Socket.
[[0;32m  OK  [0m] Listening on Syslog Socket.
[    7.028899] systemd[1]: Starting Journal Service...
         Starting Journal Service...
[    7.036518] systemd[1]: Mounting Huge Pages File System...
         Mounting Huge Pages File System...
[    7.044294] systemd[1]: Started Forward Password Requests to Wall Directory Watch.
[    7.049245] random: nonblocking pool is initialized
[[0;32m  OK  [0m] Started Forward Password Requests to Wall Directory Watch.
[    7.059397] systemd[1]: Mounting POSIX Message Queue File System...
         Mounting POSIX Message Queue File System...
[    7.065930] systemd[1]: Starting Nameserver information manager...
[    7.070798] iscsi: registered transport (iser)
         Starting Nameserver information manager...
[    7.075590] systemd[1]: Listening on udev Kernel Socket.
[[0;32m  OK  [0m] Listening on udev Kernel Socket.
[    7.084627] systemd[1]: Mounted Huge Pages File System.
[[0;32m  OK  [0m] Mounted Huge Pages File System.
[    7.092403] systemd[1]: Mounted POSIX Message Queue File System.
[[0;32m  OK  [0m] Mounted POSIX Message Queue File System.
[    7.099594] systemd[1]: Mounted Debug File System.
[[0;32m  OK  [0m] Mounted Debug File System.
[    7.105881] systemd[1]: Started Journal Service.
[[0;32m  OK  [0m] Started Journal Service.
[[0;32m  OK  [0m] Started Set console keymap.
[[0;32m  OK  [0m] Started Uncomplicated firewall.
[[0;32m  OK  [0m] Started Create list of required sta...ce nodes for the current kernel.
[[0;32m  OK  [0m] Started Load Kernel Modules.
[[0;32m  OK  [0m] Started File System Check on Root Device.
[[0;32m  OK  [0m] Started File System Check Daemon to report status.
[[0;32m  OK  [0m] Started LVM2 metadata daemon.
         Starting Remount Root and Kernel File Systems...
         Starting Apply Kernel Variables...[    7.181121] EXT4-fs (sda1): re-mounted. Opts: (null)

         Mounting FUSE Control File System...
         Starting Create Static Device Nodes in /dev...
[[0;32m  OK  [0m] Mounted FUSE Control File System.
[[0;32m  OK  [0m] Started Nameserver information manager.
[[0;32m  OK  [0m] Started Remount Root and Kernel File Systems.
[[0;32m  OK  [0m] Started Apply Kernel Variables.
[[0;32m  OK  [0m] Started Create Static Device Nodes in /dev.
         Starting udev Kernel Device Manager...
         Starting udev Coldplug all Devices...
         Starting Flush Journal to Persistent Storage...
         Starting Load/Save Random Seed...
[[0;32m  OK  [0m] Started Load/Save Random Seed.
[[0;32m  OK  [0m] Started Flush Journal to Persistent Storage.
[[0;32m  OK  [0m] Started udev Kernel Device Manager.
[[0;32m  OK  [0m] Started udev Coldplug all Devices.
[[0;32m  OK  [0m] Started Dispatch Password Requests to Console Directory Watch.
[[0;32m  OK  [0m] Found device /dev/ttyS0.
[[0;32m  OK  [0m] Listening on Load/Save RF Kill Switch Status /dev/rfkill Watch.
[[0;32m  OK  [0m] Found device 82540EM Gigabit Ethern...r (PRO/1000 MT Desktop Adapter).
[[0;32m  OK  [0m] Started Monitoring of LVM2 mirrors,...ng dmeventd or progress polling.
[[0;32m  OK  [0m] Reached target Local File Systems (Pre).
[[0;32m  OK  [0m] Reached target Local File Systems.
         Starting Set console font and keymap...
         Starting Create Volatile Files and Directories...
         Starting Tell Plymouth To Write Out Runtime Data...
         Starting LSB: AppArmor initialization...
         Starting Initial cloud-init job (pre-networking)...
[[0;32m  OK  [0m] Started Create Volatile Files and Directories.
[[0;32m  OK  [0m] Started Tell Plymouth To Write Out Runtime Data.
         Starting Update UTMP about System Boot/Shutdown...
[[0;32m  OK  [0m] Started LSB: AppArmor initialization.
         Starting Load AppArmor profiles managed internally by snapd...
[[0;32m  OK  [0m] Started Load AppArmor profiles managed internally by snapd.
[[0;32m  OK  [0m] Found device 82540EM Gigabit Ethern...r (PRO/1000 MT Desktop Adapter).
[[0;32m  OK  [0m] Started Update UTMP about System Boot/Shutdown.
[    8.154265] cloud-init[659]: Cloud-init v. 21.1-19-gbad84ad4-0ubuntu1~16.04.2 running 'init-local' at Mon, 02 Sep 2024 14:13:50 +0000. Up 7.92 seconds.
[[0;32m  OK  [0m] Started Initial cloud-init job (pre-networking).
[[0;32m  OK  [0m] Reached target Network (Pre).
[[0;32m  OK  [0m] Started ifup for enp0s8.
[[0;32m  OK  [0m] Started ifup for enp0s3.
         Starting Raise network interfaces...
[[0;32m  OK  [0m] Started Set console font and keymap.
[[0;32m  OK  [0m] Created slice system-getty.slice.
[[0;32m  OK  [0m] Started Raise network interfaces.
[[0;32m  OK  [0m] Reached target Network.
         Starting Initial cloud-init job (metadata service crawler)...
[    8.846198] cloud-init[1080]: Cloud-init v. 21.1-19-gbad84ad4-0ubuntu1~16.04.2 running 'init' at Mon, 02 Sep 2024 14:13:50 +0000. Up 8.63 seconds.
[    8.851918] cloud-init[1080]: ci-info: ++++++++++++++++++++++++++++++++++++++Net device info+++++++++++++++++++++++++++++++++++++++
[    8.864543] cloud-init[1080]: ci-info: +--------+------+-----------------------------+---------------+--------+-------------------+
[    8.874009] cloud-init[1080]: ci-info: | Device |  Up  |           Address           |      Mask     | Scope  |     Hw-Address    |
[    8.886439] cloud-init[1080]: ci-info: +--------+------+-----------------------------+---------------+--------+-------------------+
[    8.896920] cloud-init[1080]: ci-info: | enp0s3 | True |          10.0.2.15          | 255.255.255.0 | global | 02:be:82:6b:cc:1d |
[    8.902863] cloud-init[1080]: ci-info: | enp0s3 | True |  fe80::be:82ff:fe6b:cc1d/64 |       .       |  link  | 02:be:82:6b:cc:1d |
[    8.908796] cloud-init[1080]: ci-info: | enp0s8 | True |        192.168.56.11        | 255.255.255.0 | global | 08:00:27:36:20:cd |
[[0;32m  OK  [0m] Started Initial cloud-init job (metadata service crawler).
[[0;32m  OK  [0m] Reached target Cloud-config availability.
[[0;32m  OK  [0m] Reached target Network is Online.
[    8.916468] cloud-init[1080]: ci-info: | enp0s8 | True | fe80::a00:27ff:fe36:20cd/64 |       .       |  link  | 08:00:27:36:20:cd |
[    8.924678] cloud-init[1080]: ci-info: |   lo   | True |          127.0.0.1          |   255.0.0.0   |  host  |         .         |
[    8.929629] cloud-init[1080]: ci-info: |   lo   | True |           ::1/128           |       .       |  host  |         .         |         Starting iSCSI initiator daemon (iscsid)...
[[0;32m  OK  [0m] Reached target System Initialization.

[    8.937401] [[0;32m  OK  [0m] Started Daily apt download activities.
         Starting LXD - unix socket.
[[0;32m  OK  [0m] Listening on D-Bus System Message Bus Socket.
[[0;32m  OK  [0m] Listening on ACPID Listen Socket.
cloud-init[[0;32m  OK  [0m] Started ACPI Events Check.
[[0;32m  OK  [0m] Reached target Paths.
         Starting Socket activation for snappy daemon.
[[0;32m  OK  [0m] Listening on UUID daemon activation socket.
[[0;32m  OK  [0m] Started Daily apt upgrade and clean activities.
[[0;32m  OK  [0m] Started Daily Cleanup of Temporary Directories.
[[0;32m  OK  [0m] Started Message of the Day.
[[0;32m  OK  [0m] Started Ubuntu Advantage update messaging.
[[0;32m  OK  [0m] Reached target Timers.
[[0;32m  OK  [0m] Listening on LXD - unix socket.
[[0;32m  OK  [0m] Listening on Socket activation for snappy daemon.
[[0;32m  OK  [0m] Reached target Sockets.
[[0;32m  OK  [0m] Reached target Basic System.
         Starting System Logging Service...
         Starting LSB: Record successful boot for GRUB...
         Starting LXD - container startup/shutdown...
         Starting A high performance web server and a reverse proxy server...
[1080]: [[0;32m  OK  [0m] Started ACPI event daemon.
         Starting /etc/rc.local Compatibility...
[[0;32m  OK  [0m] Started Deferred execution scheduler.
ci-info: +--------+------+-----------------------------+---------------+--------+-------------------+
[    8.976209] cloud-init[1080]:          Starting Virtualbox guest utils...
[[0;32m  OK  [0m] Started D-Bus System Message Bus.
ci-info: ++++++++++++++++++++++++++++Route IPv4 info++++++++++++++++++++++++++++
[    8.996954] cloud-init[1080]: ci-info: +-------+--------------+----------+---------------+-----------+-------+
[    9.008280] cloud-init[1080]: ci-info: | Route | Destination  | Gateway  |    Genmask    | Interface | Flags |
[    9.015925] cloud-init[1080]: ci-info: +-------+--------------+----------+---------------+-----------+-------+
[    9.023471] cloud-init[1080]: ci-info: |   0   |   0.0.0.0    | 10.0.2.2 |    0.0.0.0    |   enp0s3  |   UG  |
[    9.030811] cloud-init[1080]: ci-info: |   1   |   10.0.2.0   | 0.0.0.0  | 255.255.255.0 |   enp0s3  |   U   |
[    9.038009] cloud-init[1080]: ci-info: |   2   | 192.168.56.0 | 0.0.0.0  | 255.255.255.0 |   enp0s8  |   U   |
[    9.044936] cloud-init[1080]: ci-info: +-------+--------------+----------+---------------+-----------+-------+
[    9.052649] [[0;32m  OK  [0m] Started FUSE filesystem for LXC.
cloud-init[1080]: ci-info: +++++++++++++++++++Route IPv6 info+++++++++++++++++++         Starting OpenBSD Secure Shell server...
[[0;32m  OK  [0m] Started Regular background program processing daemon.
         Starting LSB: MD monitoring daemon...
         Starting Login Service...
         Starting Accounts Service...

[    9.065644]          Starting Snap Daemon...
[[0;32m  OK  [0m] Started System Logging Service.
[[0;32m  OK  [0m] Started /etc/rc.local Compatibility.
cloud-init[1080]: ci-info: +-------+-------------+---------+-----------+-------+
[[0;32m  OK  [0m] Started iSCSI initiator daemon (iscsid).
[[0;32m  OK  [0m] Started LSB: Record successful boot for GRUB.
         Starting Login to default iSCSI targets...
[    9.143466] cloud-init[1080]: ci-info: | Route | Destination | Gateway | Interface | Flags |
[    9.148295] [[0;32m  OK  [0m] Started Login Service.
[[0;32m  OK  [0m] Started Unattended Upgrades Shutdown.
         Starting Authenticate and Authorize Users to Run Privileged Tasks...
[[0;32m  OK  [0m] Started OpenBSD Secure Shell server.
cloud-init[1080]: ci-info: +-------+-------------+---------+-----------+-------+
[    9.177558] cloud-init[1080]: ci-info: |   0   |  fe80::/64  |    ::   |   enp0s8  |   U   |
[[0;1;31mFAILED[0m] Failed to start A high performance ...rver and a reverse proxy server.
See 'systemctl status nginx.service' for details.
[    9.185232] cloud-init[1080]: ci-info: |   1   |  fe80::/64  |    ::   |   enp0s3  |   U   |
[[0;32m  OK  [0m] Started Login to default iSCSI targets.
[[0;32m  OK  [0m] Reached target Remote File Systems (Pre).
         Mounting /vagrant...
[    9.196329] cloud-init[1080]: ci-info: |   4   |   ff00::/8  |    ::   |   enp0s8  |   U   |
[[0;1;31mFAILED[0m] Failed to mount /vagrant.
See 'systemctl status vagrant.mount' for details.
[[0;1;33mDEPEND[0m] Dependency failed for Remote File Systems.
[[0;32m  OK  [0m] Started LSB: MD monitoring daemon.
[[0;32m  OK  [0m] Started Authenticate and Authorize Users to Run Privileged Tasks.
[[0;32m  OK  [0m] Started Accounts Service.
         Starting LSB: automatic crash report generation...
         Starting LSB: daemon to balance interrupts for SMP systems...
         Starting Permit User Sessions...
         Starting LSB: Set the CPU Frequency Scaling governor to "ondemand"...
[[0;32m  OK  [0m] Started LXD - container startup/shutdown.
[[0;32m  OK  [0m] Started Permit User Sessions.
         Starting Hold until boot process finishes up...
         Starting Terminate Plymouth Boot Screen...
[    9.226099] cloud-init[1080]: ci-info: |   5   |   ff00::/8  |    ::   |   enp0s3  |   U   |
[    9.267018] cloud-init[1080]: ci-info: +-------+-------------+---------+-----------+-------+
[[0;32m  OK  [0m] Started Hold until boot process finishes up.
         Starting Set console scheme...
[[0;32m  OK  [0m] Started Getty on tty1.
[[0;32m  OK  [0m] Started Serial Getty on ttyS0.
[[0;32m  OK  [0m] Reached target Login Prompts.
[[0;32m  OK  [0m] Started Terminate Plymouth Boot Screen.
[[0;32m  OK  [0m] Started Set console scheme.
[[0;32m  OK  [0m] Started LSB: Set the CPU Frequency Scaling governor to "ondemand".
[[0;32m  OK  [0m] Started LSB: automatic crash report generation.
[[0;32m  OK  [0m] Started LSB: daemon to balance interrupts for SMP systems.
[[0;32m  OK  [0m] Started Virtualbox guest utils.
[[0;32m  OK  [0m] Started Snap Daemon.
         Starting Wait until snapd is fully seeded...
[[0;32m  OK  [0m] Started Wait until snapd is fully seeded.
[[0;32m  OK  [0m] Reached target Multi-User System.
[[0;32m  OK  [0m] Reached target Graphical Interface.
         Starting Update UTMP about System Runlevel Changes...
         Starting Apply the settings specified in cloud-config...
[[0;32m  OK  [0m] Started Update UTMP about System Runlevel Changes.
[    9.875410] cloud-init[1354]: Cloud-init v. 21.1-19-gbad84ad4-0ubuntu1~16.04.2 running 'modules:config' at Mon, 02 Sep 2024 14:13:51 +0000. Up 9.79 seconds.
[[0;32m  OK  [0m] Started Apply the settings specified in cloud-config.
         Starting Execute cloud user/final scripts...
[   10.257674] cloud-init[1364]: Cloud-init v. 21.1-19-gbad84ad4-0ubuntu1~16.04.2 running 'modules:final' at Mon, 02 Sep 2024 14:13:52 +0000. Up 10.16 seconds.
[   10.262466] cloud-init[1364]: Cloud-init v. 21.1-19-gbad84ad4-0ubuntu1~16.04.2 finished at Mon, 02 Sep 2024 14:13:52 +0000. Datasource DataSourceNoCloud [seed=/dev/sdb][dsmode=net].  Up 10.25 seconds
[[0;32m  OK  [0m] Started Execute cloud user/final scripts.
[[0;32m  OK  [0m] Reached target Cloud-init target.

Ubuntu 16.04.7 LTS web01 ttyS0

web01 login: 